// Jest Snapshot v1, https://goo.gl/fbAQLP

exports[`Weather component test snapshot 1`] = `
<div>
  <h2>
    Default message
  </h2>
  <button>
    Change message
  </button>
  <div
    class="grid"
  >
    <table>
      <tbody />
    </table>
    <button>
      Refresh
    </button>
  </div>
</div>
`;
